<html>
  <head>
    <title>default</title>
  </head>
  <body>
    <img src="../img/eggs.123abce1.png" />
  </body>
</html>