<html>
  <head>
    <title>default</title>
  </head>
  <body>
    <img src="../img/123abce1.eggs.png" />
  </body>
</html>