<html>
  <head>
    <title>default</title>
  </head>
  <body>
    <img src="../dist/img/eggs.abc123e2.png" />
  </body>
</html>